[INFO] 2026-08-13T09:30:20.072Z handleHookRunStop started
[INFO] 2026-08-13T09:30:20.075Z Hook input received
[INFO] 2026-08-13T09:30:20.075Z [session=72c55b6a-5d8a-4c3a-934a-48c42580a39a] Session ID: 72c55b6a-5d8a-4c3a-934a-48c42580a39a
[INFO] 2026-08-13T09:30:20.075Z [session=72c55b6a-5d8a-4c3a-934a-48c42580a39a] Resolved pluginRoot: (empty)
[INFO] 2026-08-13T09:30:20.075Z [session=72c55b6a-5d8a-4c3a-934a-48c42580a39a] Resolved stateDir: /Users/meyuhas/.a5c/state
[INFO] 2026-08-13T09:30:20.075Z [session=72c55b6a-5d8a-4c3a-934a-48c42580a39a] Checking session file at: /Users/meyuhas/.a5c/state/72c55b6a-5d8a-4c3a-934a-48c42580a39a.md
[INFO] 2026-08-13T09:30:20.135Z [session=72c55b6a-5d8a-4c3a-934a-48c42580a39a] No run associated with session — allowing exit
[INFO] 2026-08-13T09:31:11.034Z handleHookRunStop started
[INFO] 2026-08-13T09:31:11.035Z Hook input received
[INFO] 2026-08-13T09:31:11.036Z [session=72c55b6a-5d8a-4c3a-934a-48c42580a39a] Session ID: 72c55b6a-5d8a-4c3a-934a-48c42580a39a
[INFO] 2026-08-13T09:31:11.036Z [session=72c55b6a-5d8a-4c3a-934a-48c42580a39a] Resolved pluginRoot: (empty)
[INFO] 2026-08-13T09:31:11.036Z [session=72c55b6a-5d8a-4c3a-934a-48c42580a39a] Resolved stateDir: /Users/meyuhas/.a5c/state
[INFO] 2026-08-13T09:31:11.036Z [session=72c55b6a-5d8a-4c3a-934a-48c42580a39a] Checking session file at: /Users/meyuhas/.a5c/state/72c55b6a-5d8a-4c3a-934a-48c42580a39a.md
[INFO] 2026-08-13T09:31:11.037Z [session=72c55b6a-5d8a-4c3a-934a-48c42580a39a] No active loop found for session 72c55b6a-5d8a-4c3a-934a-48c42580a39a — allowing exit
[INFO] 2026-08-13T09:38:27.607Z handleHookRunStop started
[INFO] 2026-08-13T09:38:27.609Z Hook input received
[INFO] 2026-08-13T09:38:27.609Z [session=72c55b6a-5d8a-4c3a-934a-48c42580a39a] Session ID: 72c55b6a-5d8a-4c3a-934a-48c42580a39a
[INFO] 2026-08-13T09:38:27.609Z [session=72c55b6a-5d8a-4c3a-934a-48c42580a39a] Resolved pluginRoot: (empty)
[INFO] 2026-08-13T09:38:27.610Z [session=72c55b6a-5d8a-4c3a-934a-48c42580a39a] Resolved stateDir: /Users/meyuhas/.a5c/state
[INFO] 2026-08-13T09:38:27.610Z [session=72c55b6a-5d8a-4c3a-934a-48c42580a39a] Checking session file at: /Users/meyuhas/.a5c/state/72c55b6a-5d8a-4c3a-934a-48c42580a39a.md
[INFO] 2026-08-13T09:38:27.610Z [session=72c55b6a-5d8a-4c3a-934a-48c42580a39a] No active loop found for session 72c55b6a-5d8a-4c3a-934a-48c42580a39a — allowing exit
[INFO] 2026-08-13T09:53:09.776Z handleHookRunStop started
[INFO] 2026-08-13T09:53:09.779Z Hook input received
[INFO] 2026-08-13T09:53:09.779Z [session=72c55b6a-5d8a-4c3a-934a-48c42580a39a] Session ID: 72c55b6a-5d8a-4c3a-934a-48c42580a39a
[INFO] 2026-08-13T09:53:09.780Z [session=72c55b6a-5d8a-4c3a-934a-48c42580a39a] Resolved pluginRoot: (empty)
[INFO] 2026-08-13T09:53:09.780Z [session=72c55b6a-5d8a-4c3a-934a-48c42580a39a] Resolved stateDir: /Users/meyuhas/.a5c/state
[INFO] 2026-08-13T09:53:09.780Z [session=72c55b6a-5d8a-4c3a-934a-48c42580a39a] Checking session file at: /Users/meyuhas/.a5c/state/72c55b6a-5d8a-4c3a-934a-48c42580a39a.md
[INFO] 2026-08-13T09:53:09.780Z [session=72c55b6a-5d8a-4c3a-934a-48c42580a39a] No active loop found for session 72c55b6a-5d8a-4c3a-934a-48c42580a39a — allowing exit
[INFO] 2026-08-13T09:53:43.820Z handleHookRunStop started
[INFO] 2026-08-13T09:53:43.821Z Hook input received
[INFO] 2026-08-13T09:53:43.821Z [session=72c55b6a-5d8a-4c3a-934a-48c42580a39a] Session ID: 72c55b6a-5d8a-4c3a-934a-48c42580a39a
[INFO] 2026-08-13T09:53:43.821Z [session=72c55b6a-5d8a-4c3a-934a-48c42580a39a] Resolved pluginRoot: (empty)
[INFO] 2026-08-13T09:53:43.821Z [session=72c55b6a-5d8a-4c3a-934a-48c42580a39a] Resolved stateDir: /Users/meyuhas/.a5c/state
[INFO] 2026-08-13T09:53:43.822Z [session=72c55b6a-5d8a-4c3a-934a-48c42580a39a] Checking session file at: /Users/meyuhas/.a5c/state/72c55b6a-5d8a-4c3a-934a-48c42580a39a.md
[INFO] 2026-08-13T09:53:43.822Z [session=72c55b6a-5d8a-4c3a-934a-48c42580a39a] No active loop found for session 72c55b6a-5d8a-4c3a-934a-48c42580a39a — allowing exit
[INFO] 2026-08-13T09:54:23.739Z handleHookRunStop started
[INFO] 2026-08-13T09:54:23.741Z Hook input received
[INFO] 2026-08-13T09:54:23.741Z [session=72c55b6a-5d8a-4c3a-934a-48c42580a39a] Session ID: 72c55b6a-5d8a-4c3a-934a-48c42580a39a
[INFO] 2026-08-13T09:54:23.741Z [session=72c55b6a-5d8a-4c3a-934a-48c42580a39a] Resolved pluginRoot: (empty)
[INFO] 2026-08-13T09:54:23.741Z [session=72c55b6a-5d8a-4c3a-934a-48c42580a39a] Resolved stateDir: /Users/meyuhas/.a5c/state
[INFO] 2026-08-13T09:54:23.741Z [session=72c55b6a-5d8a-4c3a-934a-48c42580a39a] Checking session file at: /Users/meyuhas/.a5c/state/72c55b6a-5d8a-4c3a-934a-48c42580a39a.md
[INFO] 2026-08-13T09:54:23.741Z [session=72c55b6a-5d8a-4c3a-934a-48c42580a39a] No active loop found for session 72c55b6a-5d8a-4c3a-934a-48c42580a39a — allowing exit
[INFO] 2026-08-13T09:55:12.052Z handleHookRunStop started
[INFO] 2026-08-13T09:55:12.054Z Hook input received
[INFO] 2026-08-13T09:55:12.054Z [session=72c55b6a-5d8a-4c3a-934a-48c42580a39a] Session ID: 72c55b6a-5d8a-4c3a-934a-48c42580a39a
[INFO] 2026-08-13T09:55:12.054Z [session=72c55b6a-5d8a-4c3a-934a-48c42580a39a] Resolved pluginRoot: (empty)
[INFO] 2026-08-13T09:55:12.054Z [session=72c55b6a-5d8a-4c3a-934a-48c42580a39a] Resolved stateDir: /Users/meyuhas/.a5c/state
[INFO] 2026-08-13T09:55:12.054Z [session=72c55b6a-5d8a-4c3a-934a-48c42580a39a] Checking session file at: /Users/meyuhas/.a5c/state/72c55b6a-5d8a-4c3a-934a-48c42580a39a.md
[INFO] 2026-08-13T09:55:12.055Z [session=72c55b6a-5d8a-4c3a-934a-48c42580a39a] No active loop found for session 72c55b6a-5d8a-4c3a-934a-48c42580a39a — allowing exit
